// Jest Snapshot v1, https://goo.gl/fbAQLP

exports[`OrderSummaryPrice when has non-zero amount and has only required props renders component 1`] = `
<div>
  <CSSTransition
    addEndListener={[Function]}
    classNames="changeHighlight"
    in={true}
    timeout={Object {}}
  >
    <div
      aria-live="polite"
      className="cart-priceItem coupon-container optimizedCheckout-contentPrimary"
    >
      <span
        className="cart-priceItem-label"
      >
        <span
          className="totalText cart-subtotal"
          data-test="cart-price-label"
        >
          Total
        </span>
      </span>
      <span
        className="cart-priceItem-value cart-subtotal-container"
      >
        <span
          className="cart-price-value cart-subtotal-value cart-summary-total"
          data-test="cart-price-value"
        >
          <WithCurrency(ShopperCurrency)
            amount={10}
          />
        </span>
      </span>
      Foo Children
    </div>
  </CSSTransition>
</div>
`;
