// Jest Snapshot v1, https://goo.gl/fbAQLP

exports[`OrderSummarySubtotals renders component 1`] = `
<Fragment>
  <OrderSummaryPrice
    amount={190}
    className="cart-priceItem--subtotal"
    label={
      <WithLanguage(TranslatedString)
        id="cart.subtotal_text"
      />
    }
    testId="cart-subtotal"
  />
  <Memo(OrderSummaryDiscount)
    amount={10}
    label={
      <WithLanguage(TranslatedString)
        id="cart.discount_text"
      />
    }
    testId="cart-discount"
  />
  <OrderSummaryPrice
    amount={15}
    label={
      <WithLanguage(TranslatedString)
        id="cart.shipping_text"
      />
    }
    testId="cart-shipping"
    zeroLabel={
      <WithLanguage(TranslatedString)
        id="cart.free_text"
      />
    }
  />
  <OrderSummaryPrice
    amount={8}
    label={
      <WithLanguage(TranslatedString)
        id="cart.handling_text"
      />
    }
    testId="cart-handling"
  />
  <OrderSummaryPrice
    amount={3}
    key="0"
    label="Tax"
    testId="cart-taxes"
  />
</Fragment>
`;
